202.200.235.157 - - [12/Jul/2025:10:43:57 +0000] "GET / HTTP/1.1" 304 0 "-" "Mozilla/5.0 (Linux; Android 14; V2324A; wv) AppleWebKit/537.36 (KHTML, like Gecko) Version/4.0 Chrome/131.0.6778.200 Mobile Safari/537.36 VivoBrowser/25.3.0.2" "-"
202.200.235.157 - - [12/Jul/2025:10:43:57 +0000] "GET /images/sku-keyboard-001.png HTTP/1.1" 304 0 "https://front.noqiokweb.site/" "Mozilla/5.0 (Linux; Android 14; V2324A; wv) AppleWebKit/537.36 (KHTML, like Gecko) Version/4.0 Chrome/131.0.6778.200 Mobile Safari/537.36 VivoBrowser/25.3.0.2" "-"
202.200.235.157 - - [12/Jul/2025:10:43:57 +0000] "GET /favicon.ico HTTP/1.1" 404 555 "https://front.noqiokweb.site/" "Mozilla/5.0 (Linux; Android 14; V2324A; wv) AppleWebKit/537.36 (KHTML, like Gecko) Version/4.0 Chrome/131.0.6778.200 Mobile Safari/537.36 VivoBrowser/25.3.0.2" "-"
202.200.235.157 - - [12/Jul/2025:10:44:09 +0000] "GET /login.html HTTP/1.1" 304 0 "https://front.noqiokweb.site/" "Mozilla/5.0 (Linux; Android 14; V2324A; wv) AppleWebKit/537.36 (KHTML, like Gecko) Version/4.0 Chrome/131.0.6778.200 Mobile Safari/537.36 VivoBrowser/25.3.0.2" "-"
202.200.235.157 - - [12/Jul/2025:10:44:09 +0000] "GET /images/placeholder.png HTTP/1.1" 304 0 "https://front.noqiokweb.site/login.html" "Mozilla/5.0 (Linux; Android 14; V2324A; wv) AppleWebKit/537.36 (KHTML, like Gecko) Version/4.0 Chrome/131.0.6778.200 Mobile Safari/537.36 VivoBrowser/25.3.0.2" "-"
202.200.235.157 - - [12/Jul/2025:10:44:09 +0000] "GET /favicon.ico HTTP/1.1" 404 555 "https://front.noqiokweb.site/login.html" "Mozilla/5.0 (Linux; Android 14; V2324A; wv) AppleWebKit/537.36 (KHTML, like Gecko) Version/4.0 Chrome/131.0.6778.200 Mobile Safari/537.36 VivoBrowser/25.3.0.2" "-"
202.200.235.157 - - [12/Jul/2025:10:44:09 +0000] "GET /api/v1/login/weixin_qrcode_ticket HTTP/1.1" 200 143 "https://front.noqiokweb.site/" "Mozilla/5.0 (Linux; Android 14; V2324A; wv) AppleWebKit/537.36 (KHTML, like Gecko) Version/4.0 Chrome/131.0.6778.200 Mobile Safari/537.36 VivoBrowser/25.3.0.2" "-"
185.191.127.222 - - [12/Jul/2025:10:50:05 +0000] "GET / HTTP/1.1" 301 169 "-" "Mozilla/5.0 (Windows NT 10.0; Win64; x64) AppleWebKit/537.36 (KHTML, like Gecko) Chrome/90.0.4430.85 Safari/537.36 Edg/90.0.818.46" "-"
104.23.223.74 - - [12/Jul/2025:10:59:12 +0000] "GET /wp-admin/setup-config.php HTTP/1.1" 301 169 "-" "Mozilla/5.0 (Windows NT 10.0; Win64; x64) AppleWebKit/537.36 (KHTML, like Gecko) Chrome/137.0.0.0 Safari/537.36" "2a06:98c0:3600::103"
104.23.223.45 - - [12/Jul/2025:10:59:12 +0000] "GET /wp-admin/setup-config.php HTTP/1.1" 404 275 "-" "Mozilla/5.0 (Windows NT 10.0; Win64; x64) AppleWebKit/537.36 (KHTML, like Gecko) Chrome/137.0.0.0 Safari/537.36" "2a06:98c0:3600::103"
172.68.10.110 - - [12/Jul/2025:11:00:16 +0000] "GET /wordpress/wp-admin/setup-config.php HTTP/1.1" 301 169 "-" "Mozilla/5.0 (Windows NT 10.0; Win64; x64) AppleWebKit/537.36 (KHTML, like Gecko) Chrome/137.0.0.0 Safari/537.36" "2a06:98c0:3600::103"
172.68.10.208 - - [12/Jul/2025:11:00:19 +0000] "GET /wordpress/wp-admin/setup-config.php HTTP/1.1" 404 275 "-" "Mozilla/5.0 (Windows NT 10.0; Win64; x64) AppleWebKit/537.36 (KHTML, like Gecko) Chrome/137.0.0.0 Safari/537.36" "2a06:98c0:3600::103"
172.71.144.8 - - [12/Jul/2025:11:24:13 +0000] "GET /wp-admin/setup-config.php HTTP/1.1" 301 0 "-" "Mozilla/5.0 (Windows NT 10.0; Win64; x64) AppleWebKit/537.36 (KHTML, like Gecko) Chrome/137.0.0.0 Safari/537.36" "2a06:98c0:3600::103"
202.200.232.128 - - [12/Jul/2025:11:25:36 +0000] "GET /login.html HTTP/1.1" 304 0 "-" "Mozilla/5.0 (Windows NT 10.0; Win64; x64) AppleWebKit/537.36 (KHTML, like Gecko) Chrome/138.0.0.0 Safari/537.36 Edg/138.0.0.0" "-"
202.200.232.128 - - [12/Jul/2025:11:25:36 +0000] "GET /images/placeholder.png HTTP/1.1" 304 0 "https://front.noqiokweb.site/login.html" "Mozilla/5.0 (Windows NT 10.0; Win64; x64) AppleWebKit/537.36 (KHTML, like Gecko) Chrome/138.0.0.0 Safari/537.36 Edg/138.0.0.0" "-"
202.200.232.128 - - [12/Jul/2025:11:25:38 +0000] "GET /api/v1/login/weixin_qrcode_ticket HTTP/1.1" 200 143 "https://front.noqiokweb.site/" "Mozilla/5.0 (Windows NT 10.0; Win64; x64) AppleWebKit/537.36 (KHTML, like Gecko) Chrome/138.0.0.0 Safari/537.36 Edg/138.0.0.0" "-"
202.200.232.128 - - [12/Jul/2025:11:25:41 +0000] "GET /api/v1/login/check_login?ticket=gQHR7zwAAAAAAAAAAS5odHRwOi8vd2VpeGluLnFxLmNvbS9xLzAyZmNIb04zSDJmVEkxSU9qcE5FMW0AAgQyRnJoAwQAjScA HTTP/1.1" 200 46 "https://front.noqiokweb.site/" "Mozilla/5.0 (Windows NT 10.0; Win64; x64) AppleWebKit/537.36 (KHTML, like Gecko) Chrome/138.0.0.0 Safari/537.36 Edg/138.0.0.0" "-"
1.15.66.222 - - [12/Jul/2025:11:25:44 +0000] "POST /api/v1/weixin/portal/receive/?signature=4785dbcfdb88c3dab1321c2b422df63d613e5b1d&timestamp=1752319543&nonce=1994320496&openid=oK8L37H4HmFwOswxZovoID5fhldo HTTP/1.1" 200 261 "-" "Mozilla/4.0" "-"
202.200.232.128 - - [12/Jul/2025:11:25:44 +0000] "GET /api/v1/login/check_login?ticket=gQHR7zwAAAAAAAAAAS5odHRwOi8vd2VpeGluLnFxLmNvbS9xLzAyZmNIb04zSDJmVEkxSU9qcE5FMW0AAgQyRnJoAwQAjScA HTTP/1.1" 200 75 "https://front.noqiokweb.site/" "Mozilla/5.0 (Windows NT 10.0; Win64; x64) AppleWebKit/537.36 (KHTML, like Gecko) Chrome/138.0.0.0 Safari/537.36 Edg/138.0.0.0" "-"
202.200.232.128 - - [12/Jul/2025:11:25:44 +0000] "GET /index.html HTTP/1.1" 304 0 "https://front.noqiokweb.site/login.html" "Mozilla/5.0 (Windows NT 10.0; Win64; x64) AppleWebKit/537.36 (KHTML, like Gecko) Chrome/138.0.0.0 Safari/537.36 Edg/138.0.0.0" "-"
202.200.232.128 - - [12/Jul/2025:11:25:44 +0000] "GET /images/sku-keyboard-001.png HTTP/1.1" 304 0 "https://front.noqiokweb.site/index.html" "Mozilla/5.0 (Windows NT 10.0; Win64; x64) AppleWebKit/537.36 (KHTML, like Gecko) Chrome/138.0.0.0 Safari/537.36 Edg/138.0.0.0" "-"
175.24.212.195 - - [12/Jul/2025:11:25:44 +0000] "POST /api/v1/weixin/portal/receive/?signature=fbf78c759bed3dc6c9b1265b7f1f97b046345a0c&timestamp=1752319544&nonce=225502634&openid=oK8L37H4HmFwOswxZovoID5fhldo HTTP/1.1" 200 262 "-" "Mozilla/4.0" "-"
175.24.212.10 - - [12/Jul/2025:11:25:48 +0000] "POST /api/v1/weixin/portal/receive/?signature=e80b1a37d2eb3e9f0dcb8406fb4da5fad6c867c3&timestamp=1752319548&nonce=2049673423&openid=oK8L37H4HmFwOswxZovoID5fhldo HTTP/1.1" 200 0 "-" "Mozilla/4.0" "-"
185.242.226.158 - - [12/Jul/2025:11:38:41 +0000] "GET / HTTP/1.1" 404 555 "-" "Mozilla/5.0 (Windows NT 10.0; Win64; x64) AppleWebKit/537.36 (KHTML, like Gecko) Chrome/88.0.4324.190 Safari/537.36" "-"
172.71.164.111 - - [12/Jul/2025:11:42:58 +0000] "GET /wp-admin/setup-config.php HTTP/1.1" 301 0 "-" "Mozilla/5.0 (Windows NT 10.0; Win64; x64) AppleWebKit/537.36 (KHTML, like Gecko) Chrome/137.0.0.0 Safari/537.36" "2a06:98c0:3600::103"
80.82.77.202 - - [12/Jul/2025:11:43:16 +0000] "GET / HTTP/1.0" 301 169 "-" "Mozilla/5.0 (Macintosh; Intel Mac OS X 10.6; rv:2.0b6pre) Gecko/20100907 Firefox/4.0b6pre Camino/2.2a1pre" "-"
162.158.94.186 - - [12/Jul/2025:11:43:42 +0000] "GET /wordpress/wp-admin/setup-config.php HTTP/1.1" 301 0 "-" "Mozilla/5.0 (Windows NT 10.0; Win64; x64) AppleWebKit/537.36 (KHTML, like Gecko) Chrome/137.0.0.0 Safari/537.36" "2a06:98c0:3600::103"
178.128.218.217 - - [12/Jul/2025:11:45:56 +0000] "GET / HTTP/1.1" 301 169 "-" "Mozilla/5.0 (Windows NT 10.0; Win64; x64) AppleWebKit/537.36 (KHTML, like Gecko) Chrome/78.0.3904.108 Safari/537.36" "-"
178.128.218.217 - - [12/Jul/2025:11:45:56 +0000] "" 400 0 "-" "-" "-"
81.69.103.129 - - [12/Jul/2025:11:48:20 +0000] "POST /api/v1/weixin/portal/receive/?signature=bce172e4e583ba52693c33d064470b05f9a57055&timestamp=1752320900&nonce=2071013860&openid=oK8L37H4HmFwOswxZovoID5fhldo HTTP/1.1" 404 153 "-" "Mozilla/4.0" "-"
124.223.33.44 - - [12/Jul/2025:11:48:20 +0000] "POST /api/v1/weixin/portal/receive/?signature=bce172e4e583ba52693c33d064470b05f9a57055&timestamp=1752320900&nonce=2071013860&openid=oK8L37H4HmFwOswxZovoID5fhldo HTTP/1.1" 404 153 "-" "Mozilla/4.0" "-"
115.159.126.224 - - [12/Jul/2025:11:48:20 +0000] "POST /api/v1/weixin/portal/receive/?signature=bce172e4e583ba52693c33d064470b05f9a57055&timestamp=1752320900&nonce=2071013860&openid=oK8L37H4HmFwOswxZovoID5fhldo HTTP/1.1" 404 153 "-" "Mozilla/4.0" "-"
111.229.150.102 - - [12/Jul/2025:11:48:52 +0000] "POST /api/v1/weixin/portal/receive/?signature=679cec7a9541ea257b2d441d351aaac0136d79f4&timestamp=1752320932&nonce=460405527&openid=oK8L37H4HmFwOswxZovoID5fhldo HTTP/1.1" 404 153 "-" "Mozilla/4.0" "-"
175.24.212.185 - - [12/Jul/2025:11:48:52 +0000] "POST /api/v1/weixin/portal/receive/?signature=679cec7a9541ea257b2d441d351aaac0136d79f4&timestamp=1752320932&nonce=460405527&openid=oK8L37H4HmFwOswxZovoID5fhldo HTTP/1.1" 404 153 "-" "Mozilla/4.0" "-"
81.69.103.205 - - [12/Jul/2025:11:48:52 +0000] "POST /api/v1/weixin/portal/receive/?signature=679cec7a9541ea257b2d441d351aaac0136d79f4&timestamp=1752320932&nonce=460405527&openid=oK8L37H4HmFwOswxZovoID5fhldo HTTP/1.1" 404 153 "-" "Mozilla/4.0" "-"
111.229.150.102 - - [12/Jul/2025:11:49:11 +0000] "POST /api/v1/weixin/portal/receive/?signature=3c6977beb4a46f3b3145c72386259538a6fb55b1&timestamp=1752320951&nonce=885059892&openid=oK8L37H4HmFwOswxZovoID5fhldo HTTP/1.1" 404 153 "-" "Mozilla/4.0" "-"
81.69.103.129 - - [12/Jul/2025:11:49:11 +0000] "POST /api/v1/weixin/portal/receive/?signature=3c6977beb4a46f3b3145c72386259538a6fb55b1&timestamp=1752320951&nonce=885059892&openid=oK8L37H4HmFwOswxZovoID5fhldo HTTP/1.1" 404 153 "-" "Mozilla/4.0" "-"
175.24.211.4 - - [12/Jul/2025:11:49:11 +0000] "POST /api/v1/weixin/portal/receive/?signature=3c6977beb4a46f3b3145c72386259538a6fb55b1&timestamp=1752320951&nonce=885059892&openid=oK8L37H4HmFwOswxZovoID5fhldo HTTP/1.1" 404 153 "-" "Mozilla/4.0" "-"
185.191.127.222 - - [12/Jul/2025:11:51:44 +0000] "GET / HTTP/1.1" 301 169 "-" "Mozilla/5.0 (Windows NT 10.0; Win64; x64) AppleWebKit/537.36 (KHTML, like Gecko) Chrome/90.0.4430.85 Safari/537.36 Edg/90.0.818.46" "-"
202.200.232.128 - - [12/Jul/2025:11:55:57 +0000] "GET /login.html HTTP/1.1" 304 0 "https://front.noqiokweb.site/index.html" "Mozilla/5.0 (Windows NT 10.0; Win64; x64) AppleWebKit/537.36 (KHTML, like Gecko) Chrome/138.0.0.0 Safari/537.36 Edg/138.0.0.0" "-"
202.200.232.128 - - [12/Jul/2025:11:55:57 +0000] "GET /images/placeholder.png HTTP/1.1" 304 0 "https://front.noqiokweb.site/login.html" "Mozilla/5.0 (Windows NT 10.0; Win64; x64) AppleWebKit/537.36 (KHTML, like Gecko) Chrome/138.0.0.0 Safari/537.36 Edg/138.0.0.0" "-"
202.200.232.128 - - [12/Jul/2025:11:55:57 +0000] "GET /api/v1/login/weixin_qrcode_ticket HTTP/1.1" 404 555 "https://front.noqiokweb.site/" "Mozilla/5.0 (Windows NT 10.0; Win64; x64) AppleWebKit/537.36 (KHTML, like Gecko) Chrome/138.0.0.0 Safari/537.36 Edg/138.0.0.0" "-"
193.142.146.168 - - [12/Jul/2025:12:00:17 +0000] "GET / HTTP/1.1" 301 169 "-" "-" "-"
202.200.232.128 - - [12/Jul/2025:12:00:19 +0000] "GET /login.html HTTP/1.1" 304 0 "https://front.noqiokweb.site/index.html" "Mozilla/5.0 (Windows NT 10.0; Win64; x64) AppleWebKit/537.36 (KHTML, like Gecko) Chrome/138.0.0.0 Safari/537.36 Edg/138.0.0.0" "-"
202.200.232.128 - - [12/Jul/2025:12:00:21 +0000] "GET /api/v1/login/weixin_qrcode_ticket HTTP/1.1" 200 143 "https://front.noqiokweb.site/" "Mozilla/5.0 (Windows NT 10.0; Win64; x64) AppleWebKit/537.36 (KHTML, like Gecko) Chrome/138.0.0.0 Safari/537.36 Edg/138.0.0.0" "-"
202.200.232.128 - - [12/Jul/2025:12:00:24 +0000] "GET /api/v1/login/check_login?ticket=gQEV8DwAAAAAAAAAAS5odHRwOi8vd2VpeGluLnFxLmNvbS9xLzAyMlNTM042SDJmVEkxSmtycDFFMWkAAgRUTnJoAwQAjScA HTTP/1.1" 200 46 "https://front.noqiokweb.site/" "Mozilla/5.0 (Windows NT 10.0; Win64; x64) AppleWebKit/537.36 (KHTML, like Gecko) Chrome/138.0.0.0 Safari/537.36 Edg/138.0.0.0" "-"
202.200.232.128 - - [12/Jul/2025:12:00:27 +0000] "GET /api/v1/login/check_login?ticket=gQEV8DwAAAAAAAAAAS5odHRwOi8vd2VpeGluLnFxLmNvbS9xLzAyMlNTM042SDJmVEkxSmtycDFFMWkAAgRUTnJoAwQAjScA HTTP/1.1" 200 46 "https://front.noqiokweb.site/" "Mozilla/5.0 (Windows NT 10.0; Win64; x64) AppleWebKit/537.36 (KHTML, like Gecko) Chrome/138.0.0.0 Safari/537.36 Edg/138.0.0.0" "-"
202.200.232.128 - - [12/Jul/2025:12:00:30 +0000] "GET /api/v1/login/check_login?ticket=gQEV8DwAAAAAAAAAAS5odHRwOi8vd2VpeGluLnFxLmNvbS9xLzAyMlNTM042SDJmVEkxSmtycDFFMWkAAgRUTnJoAwQAjScA HTTP/1.1" 200 46 "https://front.noqiokweb.site/" "Mozilla/5.0 (Windows NT 10.0; Win64; x64) AppleWebKit/537.36 (KHTML, like Gecko) Chrome/138.0.0.0 Safari/537.36 Edg/138.0.0.0" "-"
202.200.232.128 - - [12/Jul/2025:12:00:33 +0000] "GET /api/v1/login/check_login?ticket=gQEV8DwAAAAAAAAAAS5odHRwOi8vd2VpeGluLnFxLmNvbS9xLzAyMlNTM042SDJmVEkxSmtycDFFMWkAAgRUTnJoAwQAjScA HTTP/1.1" 200 46 "https://front.noqiokweb.site/" "Mozilla/5.0 (Windows NT 10.0; Win64; x64) AppleWebKit/537.36 (KHTML, like Gecko) Chrome/138.0.0.0 Safari/537.36 Edg/138.0.0.0" "-"
202.200.232.128 - - [12/Jul/2025:12:00:36 +0000] "GET /api/v1/login/check_login?ticket=gQEV8DwAAAAAAAAAAS5odHRwOi8vd2VpeGluLnFxLmNvbS9xLzAyMlNTM042SDJmVEkxSmtycDFFMWkAAgRUTnJoAwQAjScA HTTP/1.1" 200 46 "https://front.noqiokweb.site/" "Mozilla/5.0 (Windows NT 10.0; Win64; x64) AppleWebKit/537.36 (KHTML, like Gecko) Chrome/138.0.0.0 Safari/537.36 Edg/138.0.0.0" "-"
202.200.232.128 - - [12/Jul/2025:12:00:39 +0000] "GET /api/v1/login/check_login?ticket=gQEV8DwAAAAAAAAAAS5odHRwOi8vd2VpeGluLnFxLmNvbS9xLzAyMlNTM042SDJmVEkxSmtycDFFMWkAAgRUTnJoAwQAjScA HTTP/1.1" 200 46 "https://front.noqiokweb.site/" "Mozilla/5.0 (Windows NT 10.0; Win64; x64) AppleWebKit/537.36 (KHTML, like Gecko) Chrome/138.0.0.0 Safari/537.36 Edg/138.0.0.0" "-"
202.200.232.128 - - [12/Jul/2025:12:00:42 +0000] "GET /api/v1/login/check_login?ticket=gQEV8DwAAAAAAAAAAS5odHRwOi8vd2VpeGluLnFxLmNvbS9xLzAyMlNTM042SDJmVEkxSmtycDFFMWkAAgRUTnJoAwQAjScA HTTP/1.1" 200 46 "https://front.noqiokweb.site/" "Mozilla/5.0 (Windows NT 10.0; Win64; x64) AppleWebKit/537.36 (KHTML, like Gecko) Chrome/138.0.0.0 Safari/537.36 Edg/138.0.0.0" "-"
202.200.232.128 - - [12/Jul/2025:12:00:45 +0000] "GET /api/v1/login/check_login?ticket=gQEV8DwAAAAAAAAAAS5odHRwOi8vd2VpeGluLnFxLmNvbS9xLzAyMlNTM042SDJmVEkxSmtycDFFMWkAAgRUTnJoAwQAjScA HTTP/1.1" 200 46 "https://front.noqiokweb.site/" "Mozilla/5.0 (Windows NT 10.0; Win64; x64) AppleWebKit/537.36 (KHTML, like Gecko) Chrome/138.0.0.0 Safari/537.36 Edg/138.0.0.0" "-"
202.200.232.128 - - [12/Jul/2025:12:00:48 +0000] "GET /api/v1/login/check_login?ticket=gQEV8DwAAAAAAAAAAS5odHRwOi8vd2VpeGluLnFxLmNvbS9xLzAyMlNTM042SDJmVEkxSmtycDFFMWkAAgRUTnJoAwQAjScA HTTP/1.1" 200 46 "https://front.noqiokweb.site/" "Mozilla/5.0 (Windows NT 10.0; Win64; x64) AppleWebKit/537.36 (KHTML, like Gecko) Chrome/138.0.0.0 Safari/537.36 Edg/138.0.0.0" "-"
202.200.232.128 - - [12/Jul/2025:12:00:51 +0000] "GET /api/v1/login/check_login?ticket=gQEV8DwAAAAAAAAAAS5odHRwOi8vd2VpeGluLnFxLmNvbS9xLzAyMlNTM042SDJmVEkxSmtycDFFMWkAAgRUTnJoAwQAjScA HTTP/1.1" 200 46 "https://front.noqiokweb.site/" "Mozilla/5.0 (Windows NT 10.0; Win64; x64) AppleWebKit/537.36 (KHTML, like Gecko) Chrome/138.0.0.0 Safari/537.36 Edg/138.0.0.0" "-"
202.200.232.128 - - [12/Jul/2025:12:00:54 +0000] "GET /api/v1/login/check_login?ticket=gQEV8DwAAAAAAAAAAS5odHRwOi8vd2VpeGluLnFxLmNvbS9xLzAyMlNTM042SDJmVEkxSmtycDFFMWkAAgRUTnJoAwQAjScA HTTP/1.1" 200 46 "https://front.noqiokweb.site/" "Mozilla/5.0 (Windows NT 10.0; Win64; x64) AppleWebKit/537.36 (KHTML, like Gecko) Chrome/138.0.0.0 Safari/537.36 Edg/138.0.0.0" "-"
202.200.232.128 - - [12/Jul/2025:12:00:57 +0000] "GET /api/v1/login/check_login?ticket=gQEV8DwAAAAAAAAAAS5odHRwOi8vd2VpeGluLnFxLmNvbS9xLzAyMlNTM042SDJmVEkxSmtycDFFMWkAAgRUTnJoAwQAjScA HTTP/1.1" 200 46 "https://front.noqiokweb.site/" "Mozilla/5.0 (Windows NT 10.0; Win64; x64) AppleWebKit/537.36 (KHTML, like Gecko) Chrome/138.0.0.0 Safari/537.36 Edg/138.0.0.0" "-"
202.200.232.128 - - [12/Jul/2025:12:01:00 +0000] "GET /api/v1/login/check_login?ticket=gQEV8DwAAAAAAAAAAS5odHRwOi8vd2VpeGluLnFxLmNvbS9xLzAyMlNTM042SDJmVEkxSmtycDFFMWkAAgRUTnJoAwQAjScA HTTP/1.1" 404 555 "https://front.noqiokweb.site/" "Mozilla/5.0 (Windows NT 10.0; Win64; x64) AppleWebKit/537.36 (KHTML, like Gecko) Chrome/138.0.0.0 Safari/537.36 Edg/138.0.0.0" "-"
202.200.232.128 - - [12/Jul/2025:12:01:03 +0000] "GET /api/v1/login/check_login?ticket=gQEV8DwAAAAAAAAAAS5odHRwOi8vd2VpeGluLnFxLmNvbS9xLzAyMlNTM042SDJmVEkxSmtycDFFMWkAAgRUTnJoAwQAjScA HTTP/1.1" 404 555 "https://front.noqiokweb.site/" "Mozilla/5.0 (Windows NT 10.0; Win64; x64) AppleWebKit/537.36 (KHTML, like Gecko) Chrome/138.0.0.0 Safari/537.36 Edg/138.0.0.0" "-"
202.200.232.128 - - [12/Jul/2025:12:01:06 +0000] "GET /api/v1/login/check_login?ticket=gQEV8DwAAAAAAAAAAS5odHRwOi8vd2VpeGluLnFxLmNvbS9xLzAyMlNTM042SDJmVEkxSmtycDFFMWkAAgRUTnJoAwQAjScA HTTP/1.1" 200 46 "https://front.noqiokweb.site/" "Mozilla/5.0 (Windows NT 10.0; Win64; x64) AppleWebKit/537.36 (KHTML, like Gecko) Chrome/138.0.0.0 Safari/537.36 Edg/138.0.0.0" "-"
202.200.232.128 - - [12/Jul/2025:12:01:09 +0000] "GET /api/v1/login/check_login?ticket=gQEV8DwAAAAAAAAAAS5odHRwOi8vd2VpeGluLnFxLmNvbS9xLzAyMlNTM042SDJmVEkxSmtycDFFMWkAAgRUTnJoAwQAjScA HTTP/1.1" 200 46 "https://front.noqiokweb.site/" "Mozilla/5.0 (Windows NT 10.0; Win64; x64) AppleWebKit/537.36 (KHTML, like Gecko) Chrome/138.0.0.0 Safari/537.36 Edg/138.0.0.0" "-"
202.200.232.128 - - [12/Jul/2025:12:01:12 +0000] "GET /api/v1/login/check_login?ticket=gQEV8DwAAAAAAAAAAS5odHRwOi8vd2VpeGluLnFxLmNvbS9xLzAyMlNTM042SDJmVEkxSmtycDFFMWkAAgRUTnJoAwQAjScA HTTP/1.1" 200 46 "https://front.noqiokweb.site/" "Mozilla/5.0 (Windows NT 10.0; Win64; x64) AppleWebKit/537.36 (KHTML, like Gecko) Chrome/138.0.0.0 Safari/537.36 Edg/138.0.0.0" "-"
202.200.232.128 - - [12/Jul/2025:12:01:15 +0000] "GET /api/v1/login/check_login?ticket=gQEV8DwAAAAAAAAAAS5odHRwOi8vd2VpeGluLnFxLmNvbS9xLzAyMlNTM042SDJmVEkxSmtycDFFMWkAAgRUTnJoAwQAjScA HTTP/1.1" 200 46 "https://front.noqiokweb.site/" "Mozilla/5.0 (Windows NT 10.0; Win64; x64) AppleWebKit/537.36 (KHTML, like Gecko) Chrome/138.0.0.0 Safari/537.36 Edg/138.0.0.0" "-"
202.200.232.128 - - [12/Jul/2025:12:01:18 +0000] "GET /api/v1/login/check_login?ticket=gQEV8DwAAAAAAAAAAS5odHRwOi8vd2VpeGluLnFxLmNvbS9xLzAyMlNTM042SDJmVEkxSmtycDFFMWkAAgRUTnJoAwQAjScA HTTP/1.1" 200 46 "https://front.noqiokweb.site/" "Mozilla/5.0 (Windows NT 10.0; Win64; x64) AppleWebKit/537.36 (KHTML, like Gecko) Chrome/138.0.0.0 Safari/537.36 Edg/138.0.0.0" "-"
202.200.232.128 - - [12/Jul/2025:12:01:21 +0000] "GET /api/v1/login/check_login?ticket=gQEV8DwAAAAAAAAAAS5odHRwOi8vd2VpeGluLnFxLmNvbS9xLzAyMlNTM042SDJmVEkxSmtycDFFMWkAAgRUTnJoAwQAjScA HTTP/1.1" 200 46 "https://front.noqiokweb.site/" "Mozilla/5.0 (Windows NT 10.0; Win64; x64) AppleWebKit/537.36 (KHTML, like Gecko) Chrome/138.0.0.0 Safari/537.36 Edg/138.0.0.0" "-"
104.23.223.7 - - [12/Jul/2025:12:01:22 +0000] "GET /wp-admin/setup-config.php HTTP/1.1" 301 0 "-" "Mozilla/5.0 (Windows NT 10.0; Win64; x64) AppleWebKit/537.36 (KHTML, like Gecko) Chrome/137.0.0.0 Safari/537.36" "2a06:98c0:3600::103"
202.200.232.128 - - [12/Jul/2025:12:01:24 +0000] "GET /api/v1/login/check_login?ticket=gQEV8DwAAAAAAAAAAS5odHRwOi8vd2VpeGluLnFxLmNvbS9xLzAyMlNTM042SDJmVEkxSmtycDFFMWkAAgRUTnJoAwQAjScA HTTP/1.1" 200 46 "https://front.noqiokweb.site/" "Mozilla/5.0 (Windows NT 10.0; Win64; x64) AppleWebKit/537.36 (KHTML, like Gecko) Chrome/138.0.0.0 Safari/537.36 Edg/138.0.0.0" "-"
202.200.232.128 - - [12/Jul/2025:12:01:27 +0000] "GET /api/v1/login/check_login?ticket=gQEV8DwAAAAAAAAAAS5odHRwOi8vd2VpeGluLnFxLmNvbS9xLzAyMlNTM042SDJmVEkxSmtycDFFMWkAAgRUTnJoAwQAjScA HTTP/1.1" 200 46 "https://front.noqiokweb.site/" "Mozilla/5.0 (Windows NT 10.0; Win64; x64) AppleWebKit/537.36 (KHTML, like Gecko) Chrome/138.0.0.0 Safari/537.36 Edg/138.0.0.0" "-"
202.200.232.128 - - [12/Jul/2025:12:01:30 +0000] "GET /api/v1/login/check_login?ticket=gQEV8DwAAAAAAAAAAS5odHRwOi8vd2VpeGluLnFxLmNvbS9xLzAyMlNTM042SDJmVEkxSmtycDFFMWkAAgRUTnJoAwQAjScA HTTP/1.1" 200 46 "https://front.noqiokweb.site/" "Mozilla/5.0 (Windows NT 10.0; Win64; x64) AppleWebKit/537.36 (KHTML, like Gecko) Chrome/138.0.0.0 Safari/537.36 Edg/138.0.0.0" "-"
202.200.232.128 - - [12/Jul/2025:12:01:33 +0000] "GET /api/v1/login/check_login?ticket=gQEV8DwAAAAAAAAAAS5odHRwOi8vd2VpeGluLnFxLmNvbS9xLzAyMlNTM042SDJmVEkxSmtycDFFMWkAAgRUTnJoAwQAjScA HTTP/1.1" 200 46 "https://front.noqiokweb.site/" "Mozilla/5.0 (Windows NT 10.0; Win64; x64) AppleWebKit/537.36 (KHTML, like Gecko) Chrome/138.0.0.0 Safari/537.36 Edg/138.0.0.0" "-"
202.200.232.128 - - [12/Jul/2025:12:01:36 +0000] "GET /api/v1/login/check_login?ticket=gQEV8DwAAAAAAAAAAS5odHRwOi8vd2VpeGluLnFxLmNvbS9xLzAyMlNTM042SDJmVEkxSmtycDFFMWkAAgRUTnJoAwQAjScA HTTP/1.1" 200 46 "https://front.noqiokweb.site/" "Mozilla/5.0 (Windows NT 10.0; Win64; x64) AppleWebKit/537.36 (KHTML, like Gecko) Chrome/138.0.0.0 Safari/537.36 Edg/138.0.0.0" "-"
81.69.103.205 - - [12/Jul/2025:12:01:43 +0000] "GET /api/v1/weixin/portal/receive/?signature=bef0c7ff7a1e326d85f927efe58795535f2d6c36&echostr=5257226558631280295&timestamp=1752321703&nonce=1040767167 HTTP/1.0" 200 19 "-" "Mozilla/4.0" "-"
202.200.232.128 - - [12/Jul/2025:12:01:48 +0000] "GET /api/v1/login/check_login?ticket=gQEV8DwAAAAAAAAAAS5odHRwOi8vd2VpeGluLnFxLmNvbS9xLzAyMlNTM042SDJmVEkxSmtycDFFMWkAAgRUTnJoAwQAjScA HTTP/1.1" 200 46 "https://front.noqiokweb.site/" "Mozilla/5.0 (Windows NT 10.0; Win64; x64) AppleWebKit/537.36 (KHTML, like Gecko) Chrome/138.0.0.0 Safari/537.36 Edg/138.0.0.0" "-"
202.200.232.128 - - [12/Jul/2025:12:01:51 +0000] "GET /api/v1/login/check_login?ticket=gQEV8DwAAAAAAAAAAS5odHRwOi8vd2VpeGluLnFxLmNvbS9xLzAyMlNTM042SDJmVEkxSmtycDFFMWkAAgRUTnJoAwQAjScA HTTP/1.1" 200 46 "https://front.noqiokweb.site/" "Mozilla/5.0 (Windows NT 10.0; Win64; x64) AppleWebKit/537.36 (KHTML, like Gecko) Chrome/138.0.0.0 Safari/537.36 Edg/138.0.0.0" "-"
202.200.232.128 - - [12/Jul/2025:12:01:54 +0000] "GET /login.html HTTP/1.1" 304 0 "https://front.noqiokweb.site/index.html" "Mozilla/5.0 (Windows NT 10.0; Win64; x64) AppleWebKit/537.36 (KHTML, like Gecko) Chrome/138.0.0.0 Safari/537.36 Edg/138.0.0.0" "-"
202.200.232.128 - - [12/Jul/2025:12:01:54 +0000] "GET /api/v1/login/check_login?ticket=gQEV8DwAAAAAAAAAAS5odHRwOi8vd2VpeGluLnFxLmNvbS9xLzAyMlNTM042SDJmVEkxSmtycDFFMWkAAgRUTnJoAwQAjScA HTTP/1.1" 200 46 "https://front.noqiokweb.site/" "Mozilla/5.0 (Windows NT 10.0; Win64; x64) AppleWebKit/537.36 (KHTML, like Gecko) Chrome/138.0.0.0 Safari/537.36 Edg/138.0.0.0" "-"
202.200.232.128 - - [12/Jul/2025:12:01:55 +0000] "GET /api/v1/login/weixin_qrcode_ticket HTTP/1.1" 200 143 "https://front.noqiokweb.site/" "Mozilla/5.0 (Windows NT 10.0; Win64; x64) AppleWebKit/537.36 (KHTML, like Gecko) Chrome/138.0.0.0 Safari/537.36 Edg/138.0.0.0" "-"
202.200.232.128 - - [12/Jul/2025:12:01:58 +0000] "GET /api/v1/login/check_login?ticket=gQF08DwAAAAAAAAAAS5odHRwOi8vd2VpeGluLnFxLmNvbS9xLzAyUE9SNU1lSDJmVEkxS1BycHhFMTUAAgSzTnJoAwQAjScA HTTP/1.1" 200 46 "https://front.noqiokweb.site/" "Mozilla/5.0 (Windows NT 10.0; Win64; x64) AppleWebKit/537.36 (KHTML, like Gecko) Chrome/138.0.0.0 Safari/537.36 Edg/138.0.0.0" "-"
175.24.214.150 - - [12/Jul/2025:12:01:59 +0000] "POST /api/v1/weixin/portal/receive/?signature=384f6f7f363ef233bfaa8b344efc5137246a8d33&timestamp=1752321718&nonce=834633138&openid=oK8L37H4HmFwOswxZovoID5fhldo HTTP/1.1" 200 261 "-" "Mozilla/4.0" "-"
81.69.103.236 - - [12/Jul/2025:12:01:59 +0000] "POST /api/v1/weixin/portal/receive/?signature=e2a9e59b5c0dee94ef26ddf9b570d2253ab3604e&timestamp=1752321719&nonce=1339010409&openid=oK8L37H4HmFwOswxZovoID5fhldo HTTP/1.1" 200 262 "-" "Mozilla/4.0" "-"
202.200.232.128 - - [12/Jul/2025:12:02:01 +0000] "GET /api/v1/login/check_login?ticket=gQF08DwAAAAAAAAAAS5odHRwOi8vd2VpeGluLnFxLmNvbS9xLzAyUE9SNU1lSDJmVEkxS1BycHhFMTUAAgSzTnJoAwQAjScA HTTP/1.1" 200 75 "https://front.noqiokweb.site/" "Mozilla/5.0 (Windows NT 10.0; Win64; x64) AppleWebKit/537.36 (KHTML, like Gecko) Chrome/138.0.0.0 Safari/537.36 Edg/138.0.0.0" "-"
202.200.232.128 - - [12/Jul/2025:12:02:01 +0000] "GET /index.html HTTP/1.1" 304 0 "https://front.noqiokweb.site/login.html" "Mozilla/5.0 (Windows NT 10.0; Win64; x64) AppleWebKit/537.36 (KHTML, like Gecko) Chrome/138.0.0.0 Safari/537.36 Edg/138.0.0.0" "-"
202.200.232.128 - - [12/Jul/2025:12:02:01 +0000] "GET /images/sku-keyboard-001.png HTTP/1.1" 304 0 "https://front.noqiokweb.site/index.html" "Mozilla/5.0 (Windows NT 10.0; Win64; x64) AppleWebKit/537.36 (KHTML, like Gecko) Chrome/138.0.0.0 Safari/537.36 Edg/138.0.0.0" "-"
42.192.0.224 - - [12/Jul/2025:12:02:03 +0000] "POST /api/v1/weixin/portal/receive/?signature=9355499d7f913ab433d6a3e236f4b53a3b2235ec&timestamp=1752321723&nonce=1178962670&openid=oK8L37H4HmFwOswxZovoID5fhldo HTTP/1.1" 200 0 "-" "Mozilla/4.0" "-"
104.23.223.113 - - [12/Jul/2025:12:02:06 +0000] "GET /wordpress/wp-admin/setup-config.php HTTP/1.1" 301 169 "-" "Mozilla/5.0 (Windows NT 10.0; Win64; x64) AppleWebKit/537.36 (KHTML, like Gecko) Chrome/137.0.0.0 Safari/537.36" "2a06:98c0:3600::103"
129.211.215.233 - - [12/Jul/2025:12:02:58 +0000] "GET / HTTP/1.1" 301 169 "-" "Mozilla/5.0 (iPhone; CPU iPhone OS 13_2_3 like Mac OS X) AppleWebKit/605.1.15 (KHTML, like Gecko) Version/13.0.3 Mobile/15E148 Safari/604.1" "-"
129.211.215.233 - - [12/Jul/2025:12:03:01 +0000] "GET / HTTP/1.1" 404 275 "http://www.noqiokweb.site" "Mozilla/5.0 (iPhone; CPU iPhone OS 13_2_3 like Mac OS X) AppleWebKit/605.1.15 (KHTML, like Gecko) Version/13.0.3 Mobile/15E148 Safari/604.1" "-"
124.223.151.119 - - [12/Jul/2025:12:03:08 +0000] "POST /api/v1/weixin/portal/receive/?signature=3df1048a202a7e6d3797e70fa2fb9be425b6cae9&timestamp=1752321788&nonce=1647992393&openid=oK8L37H4HmFwOswxZovoID5fhldo HTTP/1.1" 200 0 "-" "Mozilla/4.0" "-"
185.242.226.152 - - [12/Jul/2025:12:06:57 +0000] "\x16\x03\x01\x00\x8C\x01\x00\x00\x88\x03\x03)\xD0\x85M\xB0\xFD\xD6\x17QB{}w\x01\x22\xBB\xE2\xE0\xF0\xFA\xDD\x95\x94\xA7:\x1E\xEEah\x80V\x06\x00\x00\x1A\xC0/\xC0+\xC0\x11\xC0\x07\xC0\x13\xC0\x09\xC0\x14\xC0" 400 157 "-" "-" "-"
202.200.232.128 - - [12/Jul/2025:12:07:03 +0000] "GET /images/placeholder.png HTTP/1.1" 304 0 "https://front.noqiokweb.site/login.html" "Mozilla/5.0 (Windows NT 10.0; Win64; x64) AppleWebKit/537.36 (KHTML, like Gecko) Chrome/138.0.0.0 Safari/537.36 Edg/138.0.0.0" "-"
202.200.232.128 - - [12/Jul/2025:12:07:04 +0000] "GET /api/v1/login/weixin_qrcode_ticket HTTP/1.1" 200 143 "https://front.noqiokweb.site/" "Mozilla/5.0 (Windows NT 10.0; Win64; x64) AppleWebKit/537.36 (KHTML, like Gecko) Chrome/138.0.0.0 Safari/537.36 Edg/138.0.0.0" "-"
202.200.232.128 - - [12/Jul/2025:12:07:07 +0000] "GET /api/v1/login/check_login?ticket=gQE98DwAAAAAAAAAAS5odHRwOi8vd2VpeGluLnFxLmNvbS9xLzAyNEl1S05JSDJmVEkxTEVzcE5FMW0AAgToT3JoAwQAjScA HTTP/1.1" 200 46 "https://front.noqiokweb.site/" "Mozilla/5.0 (Windows NT 10.0; Win64; x64) AppleWebKit/537.36 (KHTML, like Gecko) Chrome/138.0.0.0 Safari/537.36 Edg/138.0.0.0" "-"
81.69.103.147 - - [12/Jul/2025:12:07:10 +0000] "POST /api/v1/weixin/portal/receive/?signature=52ace31a32591f1e72cb807c526c7ebae482a732&timestamp=1752322029&nonce=2043905371&openid=oK8L37H4HmFwOswxZovoID5fhldo HTTP/1.1" 200 261 "-" "Mozilla/4.0" "-"
122.51.55.51 - - [12/Jul/2025:12:07:10 +0000] "POST /api/v1/weixin/portal/receive/?signature=719a8cacaa3e96a7d659e0383f0bd5383a1c2b9b&timestamp=1752322030&nonce=1628730601&openid=oK8L37H4HmFwOswxZovoID5fhldo HTTP/1.1" 200 262 "-" "Mozilla/4.0" "-"
202.200.232.128 - - [12/Jul/2025:12:07:10 +0000] "GET /api/v1/login/check_login?ticket=gQE98DwAAAAAAAAAAS5odHRwOi8vd2VpeGluLnFxLmNvbS9xLzAyNEl1S05JSDJmVEkxTEVzcE5FMW0AAgToT3JoAwQAjScA HTTP/1.1" 200 75 "https://front.noqiokweb.site/" "Mozilla/5.0 (Windows NT 10.0; Win64; x64) AppleWebKit/537.36 (KHTML, like Gecko) Chrome/138.0.0.0 Safari/537.36 Edg/138.0.0.0" "-"
115.159.126.224 - - [12/Jul/2025:12:07:16 +0000] "POST /api/v1/weixin/portal/receive/?signature=7035468474e899550695e855c57d6655f8634c7e&timestamp=1752322036&nonce=66866499&openid=oK8L37H4HmFwOswxZovoID5fhldo HTTP/1.1" 200 0 "-" "Mozilla/4.0" "-"
45.194.66.7 - - [12/Jul/2025:12:08:18 +0000] "GET / HTTP/1.1" 301 169 "-" "Mozilla/5.0 (Windows NT 10.0; Win64; x64) AppleWebKit/537.36 (KHTML, like Gecko) Chrome/90.0.4430.85 Safari/537.36 Edg/90.0.818.46" "-"
202.200.232.128 - - [12/Jul/2025:12:12:59 +0000] "GET /login.html HTTP/1.1" 304 0 "https://front.noqiokweb.site/index.html" "Mozilla/5.0 (Windows NT 10.0; Win64; x64) AppleWebKit/537.36 (KHTML, like Gecko) Chrome/138.0.0.0 Safari/537.36 Edg/138.0.0.0" "-"
202.200.232.128 - - [12/Jul/2025:12:13:01 +0000] "GET /api/v1/login/weixin_qrcode_ticket HTTP/1.1" 200 143 "https://front.noqiokweb.site/" "Mozilla/5.0 (Windows NT 10.0; Win64; x64) AppleWebKit/537.36 (KHTML, like Gecko) Chrome/138.0.0.0 Safari/537.36 Edg/138.0.0.0" "-"
202.200.232.128 - - [12/Jul/2025:12:13:04 +0000] "GET /api/v1/login/check_login?ticket=gQGY7zwAAAAAAAAAAS5odHRwOi8vd2VpeGluLnFxLmNvbS9xLzAyU3k5NU1KSDJmVEkxSmR1cGhFMXUAAgRNUXJoAwQAjScA HTTP/1.1" 200 46 "https://front.noqiokweb.site/" "Mozilla/5.0 (Windows NT 10.0; Win64; x64) AppleWebKit/537.36 (KHTML, like Gecko) Chrome/138.0.0.0 Safari/537.36 Edg/138.0.0.0" "-"
110.40.132.164 - - [12/Jul/2025:12:13:06 +0000] "POST /api/v1/weixin/portal/receive/?signature=d9a142d518b274b8753dca45e00080794a015a48&timestamp=1752322385&nonce=572514602&openid=oK8L37H4HmFwOswxZovoID5fhldo HTTP/1.1" 200 261 "-" "Mozilla/4.0" "-"
122.51.55.51 - - [12/Jul/2025:12:13:07 +0000] "POST /api/v1/weixin/portal/receive/?signature=8718037c647530c11ab3d62fc9e7313e4b79dc5d&timestamp=1752322387&nonce=1316547515&openid=oK8L37H4HmFwOswxZovoID5fhldo HTTP/1.1" 200 262 "-" "Mozilla/4.0" "-"
202.200.232.128 - - [12/Jul/2025:12:13:07 +0000] "GET /api/v1/login/check_login?ticket=gQGY7zwAAAAAAAAAAS5odHRwOi8vd2VpeGluLnFxLmNvbS9xLzAyU3k5NU1KSDJmVEkxSmR1cGhFMXUAAgRNUXJoAwQAjScA HTTP/1.1" 200 75 "https://front.noqiokweb.site/" "Mozilla/5.0 (Windows NT 10.0; Win64; x64) AppleWebKit/537.36 (KHTML, like Gecko) Chrome/138.0.0.0 Safari/537.36 Edg/138.0.0.0" "-"
202.200.232.128 - - [12/Jul/2025:12:13:07 +0000] "GET /index.html HTTP/1.1" 304 0 "https://front.noqiokweb.site/login.html" "Mozilla/5.0 (Windows NT 10.0; Win64; x64) AppleWebKit/537.36 (KHTML, like Gecko) Chrome/138.0.0.0 Safari/537.36 Edg/138.0.0.0" "-"
202.200.232.128 - - [12/Jul/2025:12:13:07 +0000] "GET /images/sku-keyboard-001.png HTTP/1.1" 304 0 "https://front.noqiokweb.site/index.html" "Mozilla/5.0 (Windows NT 10.0; Win64; x64) AppleWebKit/537.36 (KHTML, like Gecko) Chrome/138.0.0.0 Safari/537.36 Edg/138.0.0.0" "-"
43.143.57.46 - - [12/Jul/2025:12:13:10 +0000] "POST /api/v1/weixin/portal/receive/?signature=a9c09788a16005d8edaf85499a39563ea33cb396&timestamp=1752322390&nonce=521170124&openid=oK8L37H4HmFwOswxZovoID5fhldo HTTP/1.1" 200 259 "-" "Mozilla/4.0" "-"
202.200.232.128 - - [12/Jul/2025:12:13:55 +0000] "OPTIONS /api/v1/alipay/create_pay_order HTTP/1.1" 200 0 "https://front.noqiokweb.site/" "Mozilla/5.0 (Windows NT 10.0; Win64; x64) AppleWebKit/537.36 (KHTML, like Gecko) Chrome/138.0.0.0 Safari/537.36 Edg/138.0.0.0" "-"
202.200.232.128 - - [12/Jul/2025:12:13:56 +0000] "POST /api/v1/alipay/create_pay_order HTTP/1.1" 200 1229 "https://front.noqiokweb.site/" "Mozilla/5.0 (Windows NT 10.0; Win64; x64) AppleWebKit/537.36 (KHTML, like Gecko) Chrome/138.0.0.0 Safari/537.36 Edg/138.0.0.0" "-"
119.42.228.188 - - [12/Jul/2025:12:14:37 +0000] "POST /api/v1/alipay/alipay_notify_url HTTP/1.1" 301 169 "-" "Mozilla/4.0" "-"
101.35.214.209 - - [12/Jul/2025:12:14:39 +0000] "POST /api/v1/weixin/portal/receive/?signature=1233d322b44f06e22bb56b8560ef4148f4f47365&timestamp=1752322479&nonce=284807144&openid=oK8L37H4HmFwOswxZovoID5fhldo HTTP/1.1" 200 270 "-" "Mozilla/4.0" "-"
93.174.93.12 - - [12/Jul/2025:12:17:18 +0000] "GET / HTTP/1.0" 301 169 "-" "Mozilla/5.0 (Windows NT 6.2; WOW64) AppleWebKit/537.36 (KHTML, like Gecko) Chrome/59.0.3068.0 Safari/537.36" "-"
202.200.234.224 - - [12/Jul/2025:12:17:35 +0000] "GET / HTTP/1.1" 200 3852 "-" "Mozilla/5.0 (iPhone; CPU iPhone OS 18_5 like Mac OS X) AppleWebKit/605.1.15 (KHTML, like Gecko) Version/18.5 Mobile/15E148 Safari/604.1" "-"
202.200.234.224 - - [12/Jul/2025:12:17:36 +0000] "GET /images/sku-keyboard-001.png HTTP/1.1" 200 1260301 "https://front.noqiokweb.site/" "Mozilla/5.0 (iPhone; CPU iPhone OS 18_5 like Mac OS X) AppleWebKit/605.1.15 (KHTML, like Gecko) Version/18.5 Mobile/15E148 Safari/604.1" "-"
202.200.234.224 - - [12/Jul/2025:12:17:39 +0000] "GET /favicon.ico HTTP/1.1" 404 153 "https://front.noqiokweb.site/" "Mozilla/5.0 (iPhone; CPU iPhone OS 18_5 like Mac OS X) AppleWebKit/605.1.15 (KHTML, like Gecko) Version/18.5 Mobile/15E148 Safari/604.1" "-"
202.200.234.224 - - [12/Jul/2025:12:17:42 +0000] "GET /login.html HTTP/1.1" 200 3788 "https://front.noqiokweb.site/" "Mozilla/5.0 (iPhone; CPU iPhone OS 18_5 like Mac OS X) AppleWebKit/605.1.15 (KHTML, like Gecko) Version/18.5 Mobile/15E148 Safari/604.1" "-"
202.200.234.224 - - [12/Jul/2025:12:17:42 +0000] "GET /images/placeholder.png HTTP/1.1" 200 15972 "https://front.noqiokweb.site/login.html" "Mozilla/5.0 (iPhone; CPU iPhone OS 18_5 like Mac OS X) AppleWebKit/605.1.15 (KHTML, like Gecko) Version/18.5 Mobile/15E148 Safari/604.1" "-"
202.200.234.224 - - [12/Jul/2025:12:17:42 +0000] "GET /api/v1/login/weixin_qrcode_ticket HTTP/1.1" 200 143 "https://front.noqiokweb.site/" "Mozilla/5.0 (iPhone; CPU iPhone OS 18_5 like Mac OS X) AppleWebKit/605.1.15 (KHTML, like Gecko) Version/18.5 Mobile/15E148 Safari/604.1" "-"
202.200.234.224 - - [12/Jul/2025:12:17:46 +0000] "GET /api/v1/login/check_login?ticket=gQGr7zwAAAAAAAAAAS5odHRwOi8vd2VpeGluLnFxLmNvbS9xLzAyNW1zS01USDJmVEkxSkN2cGhFMTgAAgRmUnJoAwQAjScA HTTP/1.1" 200 46 "https://front.noqiokweb.site/" "Mozilla/5.0 (iPhone; CPU iPhone OS 18_5 like Mac OS X) AppleWebKit/605.1.15 (KHTML, like Gecko) Version/18.5 Mobile/15E148 Safari/604.1" "-"
202.200.234.224 - - [12/Jul/2025:12:17:49 +0000] "GET /api/v1/login/check_login?ticket=gQGr7zwAAAAAAAAAAS5odHRwOi8vd2VpeGluLnFxLmNvbS9xLzAyNW1zS01USDJmVEkxSkN2cGhFMTgAAgRmUnJoAwQAjScA HTTP/1.1" 200 46 "https://front.noqiokweb.site/" "Mozilla/5.0 (iPhone; CPU iPhone OS 18_5 like Mac OS X) AppleWebKit/605.1.15 (KHTML, like Gecko) Version/18.5 Mobile/15E148 Safari/604.1" "-"
121.4.104.160 - - [12/Jul/2025:12:18:00 +0000] "POST /api/v1/weixin/portal/receive/?signature=c8b3d1fe670f30ef59dafea376584c42ba239490&timestamp=1752322679&nonce=1701643903&openid=oK8L37DP4PIVSd6fAD5wBWipOX00 HTTP/1.1" 200 262 "-" "Mozilla/4.0" "-"
43.143.57.46 - - [12/Jul/2025:12:18:04 +0000] "POST /api/v1/weixin/portal/receive/?signature=3910ea62b9e450da391b9999021cc75c65f9742c&timestamp=1752322684&nonce=1272033027&openid=oK8L37DP4PIVSd6fAD5wBWipOX00 HTTP/1.1" 200 264 "-" "Mozilla/4.0" "-"
175.24.211.4 - - [12/Jul/2025:12:18:08 +0000] "POST /api/v1/weixin/portal/receive/?signature=9b17c94444663686a1b4adbb0195ff9411f37d44&timestamp=1752322688&nonce=392488185&openid=oK8L37DP4PIVSd6fAD5wBWipOX00 HTTP/1.1" 200 264 "-" "Mozilla/4.0" "-"
202.200.234.224 - - [12/Jul/2025:12:18:12 +0000] "GET /api/v1/login/check_login?ticket=gQGr7zwAAAAAAAAAAS5odHRwOi8vd2VpeGluLnFxLmNvbS9xLzAyNW1zS01USDJmVEkxSkN2cGhFMTgAAgRmUnJoAwQAjScA HTTP/1.1" 200 46 "https://front.noqiokweb.site/" "Mozilla/5.0 (iPhone; CPU iPhone OS 18_5 like Mac OS X) AppleWebKit/605.1.15 (KHTML, like Gecko) Version/18.5 Mobile/15E148 Safari/604.1" "-"
202.200.234.224 - - [12/Jul/2025:12:18:15 +0000] "GET /login.html HTTP/1.1" 200 3788 "https://front.noqiokweb.site/" "Mozilla/5.0 (iPhone; CPU iPhone OS 18_5 like Mac OS X) AppleWebKit/605.1.15 (KHTML, like Gecko) Version/18.5 Mobile/15E148 Safari/604.1" "-"
185.242.226.152 - - [12/Jul/2025:12:18:15 +0000] "GET / HTTP/1.1" 301 169 "-" "Mozilla/5.0 (Windows NT 10.0; Win64; x64) AppleWebKit/537.36 (KHTML, like Gecko) Chrome/88.0.4324.190 Safari/537.36" "-"
202.200.234.224 - - [12/Jul/2025:12:18:16 +0000] "GET /api/v1/login/weixin_qrcode_ticket HTTP/1.1" 200 143 "https://front.noqiokweb.site/" "Mozilla/5.0 (iPhone; CPU iPhone OS 18_5 like Mac OS X) AppleWebKit/605.1.15 (KHTML, like Gecko) Version/18.5 Mobile/15E148 Safari/604.1" "-"
202.200.234.224 - - [12/Jul/2025:12:18:17 +0000] "GET /login.html HTTP/1.1" 200 3788 "https://front.noqiokweb.site/" "Mozilla/5.0 (iPhone; CPU iPhone OS 18_5 like Mac OS X) AppleWebKit/605.1.15 (KHTML, like Gecko) Version/18.5 Mobile/15E148 Safari/604.1" "-"
202.200.234.224 - - [12/Jul/2025:12:18:17 +0000] "GET /api/v1/login/weixin_qrcode_ticket HTTP/1.1" 200 143 "https://front.noqiokweb.site/" "Mozilla/5.0 (iPhone; CPU iPhone OS 18_5 like Mac OS X) AppleWebKit/605.1.15 (KHTML, like Gecko) Version/18.5 Mobile/15E148 Safari/604.1" "-"
185.242.226.152 - - [12/Jul/2025:12:18:17 +0000] "GET / HTTP/1.1" 404 89 "http://150.158.47.220:80/" "Mozilla/5.0 (Windows NT 10.0; Win64; x64) AppleWebKit/537.36 (KHTML, like Gecko) Chrome/88.0.4324.190 Safari/537.36" "-"
202.200.234.224 - - [12/Jul/2025:12:18:18 +0000] "GET /login.html HTTP/1.1" 200 3788 "https://front.noqiokweb.site/" "Mozilla/5.0 (iPhone; CPU iPhone OS 18_5 like Mac OS X) AppleWebKit/605.1.15 (KHTML, like Gecko) Version/18.5 Mobile/15E148 Safari/604.1" "-"
202.200.234.224 - - [12/Jul/2025:12:18:18 +0000] "GET /api/v1/login/weixin_qrcode_ticket HTTP/1.1" 200 143 "https://front.noqiokweb.site/" "Mozilla/5.0 (iPhone; CPU iPhone OS 18_5 like Mac OS X) AppleWebKit/605.1.15 (KHTML, like Gecko) Version/18.5 Mobile/15E148 Safari/604.1" "-"
202.200.234.224 - - [12/Jul/2025:12:18:21 +0000] "GET /login.html HTTP/1.1" 200 3788 "https://front.noqiokweb.site/" "Mozilla/5.0 (iPhone; CPU iPhone OS 18_5 like Mac OS X) AppleWebKit/605.1.15 (KHTML, like Gecko) Version/18.5 Mobile/15E148 Safari/604.1" "-"
202.200.234.224 - - [12/Jul/2025:12:18:21 +0000] "GET /api/v1/login/weixin_qrcode_ticket HTTP/1.1" 200 143 "https://front.noqiokweb.site/" "Mozilla/5.0 (iPhone; CPU iPhone OS 18_5 like Mac OS X) AppleWebKit/605.1.15 (KHTML, like Gecko) Version/18.5 Mobile/15E148 Safari/604.1" "-"
202.200.234.224 - - [12/Jul/2025:12:18:23 +0000] "GET /login.html HTTP/1.1" 200 3788 "https://front.noqiokweb.site/" "Mozilla/5.0 (iPhone; CPU iPhone OS 18_5 like Mac OS X) AppleWebKit/605.1.15 (KHTML, like Gecko) Version/18.5 Mobile/15E148 Safari/604.1" "-"
202.200.234.224 - - [12/Jul/2025:12:18:23 +0000] "GET /api/v1/login/weixin_qrcode_ticket HTTP/1.1" 200 143 "https://front.noqiokweb.site/" "Mozilla/5.0 (iPhone; CPU iPhone OS 18_5 like Mac OS X) AppleWebKit/605.1.15 (KHTML, like Gecko) Version/18.5 Mobile/15E148 Safari/604.1" "-"
202.200.234.224 - - [12/Jul/2025:12:18:26 +0000] "GET /api/v1/login/check_login?ticket=gQFp8DwAAAAAAAAAAS5odHRwOi8vd2VpeGluLnFxLmNvbS9xLzAyRExncU00SDJmVEkxS2Z2cHhFMTUAAgSPUnJoAwQAjScA HTTP/1.1" 200 46 "https://front.noqiokweb.site/" "Mozilla/5.0 (iPhone; CPU iPhone OS 18_5 like Mac OS X) AppleWebKit/605.1.15 (KHTML, like Gecko) Version/18.5 Mobile/15E148 Safari/604.1" "-"
202.200.234.224 - - [12/Jul/2025:12:18:29 +0000] "GET /api/v1/login/check_login?ticket=gQFp8DwAAAAAAAAAAS5odHRwOi8vd2VpeGluLnFxLmNvbS9xLzAyRExncU00SDJmVEkxS2Z2cHhFMTUAAgSPUnJoAwQAjScA HTTP/1.1" 200 46 "https://front.noqiokweb.site/" "Mozilla/5.0 (iPhone; CPU iPhone OS 18_5 like Mac OS X) AppleWebKit/605.1.15 (KHTML, like Gecko) Version/18.5 Mobile/15E148 Safari/604.1" "-"
202.200.234.224 - - [12/Jul/2025:12:18:32 +0000] "GET /api/v1/login/check_login?ticket=gQFp8DwAAAAAAAAAAS5odHRwOi8vd2VpeGluLnFxLmNvbS9xLzAyRExncU00SDJmVEkxS2Z2cHhFMTUAAgSPUnJoAwQAjScA HTTP/1.1" 200 46 "https://front.noqiokweb.site/" "Mozilla/5.0 (iPhone; CPU iPhone OS 18_5 like Mac OS X) AppleWebKit/605.1.15 (KHTML, like Gecko) Version/18.5 Mobile/15E148 Safari/604.1" "-"
202.200.234.224 - - [12/Jul/2025:12:18:35 +0000] "GET /api/v1/login/check_login?ticket=gQFp8DwAAAAAAAAAAS5odHRwOi8vd2VpeGluLnFxLmNvbS9xLzAyRExncU00SDJmVEkxS2Z2cHhFMTUAAgSPUnJoAwQAjScA HTTP/1.1" 200 46 "https://front.noqiokweb.site/" "Mozilla/5.0 (iPhone; CPU iPhone OS 18_5 like Mac OS X) AppleWebKit/605.1.15 (KHTML, like Gecko) Version/18.5 Mobile/15E148 Safari/604.1" "-"
202.200.234.224 - - [12/Jul/2025:12:18:38 +0000] "GET /api/v1/login/check_login?ticket=gQFp8DwAAAAAAAAAAS5odHRwOi8vd2VpeGluLnFxLmNvbS9xLzAyRExncU00SDJmVEkxS2Z2cHhFMTUAAgSPUnJoAwQAjScA HTTP/1.1" 200 46 "https://front.noqiokweb.site/" "Mozilla/5.0 (iPhone; CPU iPhone OS 18_5 like Mac OS X) AppleWebKit/605.1.15 (KHTML, like Gecko) Version/18.5 Mobile/15E148 Safari/604.1" "-"
202.200.236.22 - - [12/Jul/2025:12:18:40 +0000] "GET / HTTP/1.1" 200 3852 "-" "Mozilla/5.0 (Macintosh; Intel Mac OS X 10_15_7) AppleWebKit/537.36 (KHTML, like Gecko) Chrome/138.0.0.0 Safari/537.36 Edg/138.0.0.0" "-"
202.200.236.22 - - [12/Jul/2025:12:18:41 +0000] "GET /images/sku-keyboard-001.png HTTP/1.1" 200 1260301 "https://front.noqiokweb.site/" "Mozilla/5.0 (Macintosh; Intel Mac OS X 10_15_7) AppleWebKit/537.36 (KHTML, like Gecko) Chrome/138.0.0.0 Safari/537.36 Edg/138.0.0.0" "-"
65.49.20.68 - - [12/Jul/2025:12:18:42 +0000] "GET / HTTP/1.1" 404 89 "-" "Mozilla/5.0 (Windows NT 10.0; Win64; x64) AppleWebKit/537.36 (KHTML, like Gecko) Chrome/110.0.0.0 Safari/537.36 Edg/110.0.1587.41" "-"
202.200.234.224 - - [12/Jul/2025:12:18:42 +0000] "GET /api/v1/login/check_login?ticket=gQFp8DwAAAAAAAAAAS5odHRwOi8vd2VpeGluLnFxLmNvbS9xLzAyRExncU00SDJmVEkxS2Z2cHhFMTUAAgSPUnJoAwQAjScA HTTP/1.1" 200 46 "https://front.noqiokweb.site/" "Mozilla/5.0 (iPhone; CPU iPhone OS 18_5 like Mac OS X) AppleWebKit/605.1.15 (KHTML, like Gecko) Version/18.5 Mobile/15E148 Safari/604.1" "-"
202.200.236.22 - - [12/Jul/2025:12:18:42 +0000] "GET /login.html HTTP/1.1" 200 3788 "https://front.noqiokweb.site/" "Mozilla/5.0 (Macintosh; Intel Mac OS X 10_15_7) AppleWebKit/537.36 (KHTML, like Gecko) Chrome/138.0.0.0 Safari/537.36 Edg/138.0.0.0" "-"
202.200.236.22 - - [12/Jul/2025:12:18:42 +0000] "GET /images/placeholder.png HTTP/1.1" 200 15972 "https://front.noqiokweb.site/login.html" "Mozilla/5.0 (Macintosh; Intel Mac OS X 10_15_7) AppleWebKit/537.36 (KHTML, like Gecko) Chrome/138.0.0.0 Safari/537.36 Edg/138.0.0.0" "-"
202.200.236.22 - - [12/Jul/2025:12:18:43 +0000] "GET /api/v1/login/weixin_qrcode_ticket HTTP/1.1" 200 143 "https://front.noqiokweb.site/" "Mozilla/5.0 (Macintosh; Intel Mac OS X 10_15_7) AppleWebKit/537.36 (KHTML, like Gecko) Chrome/138.0.0.0 Safari/537.36 Edg/138.0.0.0" "-"
202.200.234.224 - - [12/Jul/2025:12:18:44 +0000] "GET /api/v1/login/check_login?ticket=gQFp8DwAAAAAAAAAAS5odHRwOi8vd2VpeGluLnFxLmNvbS9xLzAyRExncU00SDJmVEkxS2Z2cHhFMTUAAgSPUnJoAwQAjScA HTTP/1.1" 200 46 "https://front.noqiokweb.site/" "Mozilla/5.0 (iPhone; CPU iPhone OS 18_5 like Mac OS X) AppleWebKit/605.1.15 (KHTML, like Gecko) Version/18.5 Mobile/15E148 Safari/604.1" "-"
202.200.236.22 - - [12/Jul/2025:12:18:44 +0000] "GET /favicon.ico HTTP/1.1" 404 555 "https://front.noqiokweb.site/login.html" "Mozilla/5.0 (Macintosh; Intel Mac OS X 10_15_7) AppleWebKit/537.36 (KHTML, like Gecko) Chrome/138.0.0.0 Safari/537.36 Edg/138.0.0.0" "-"
202.200.236.22 - - [12/Jul/2025:12:18:46 +0000] "GET /api/v1/login/check_login?ticket=gQE78DwAAAAAAAAAAS5odHRwOi8vd2VpeGluLnFxLmNvbS9xLzAyRUQyZE5OSDJmVEkxS3p2cGhFMXkAAgSjUnJoAwQAjScA HTTP/1.1" 200 46 "https://front.noqiokweb.site/" "Mozilla/5.0 (Macintosh; Intel Mac OS X 10_15_7) AppleWebKit/537.36 (KHTML, like Gecko) Chrome/138.0.0.0 Safari/537.36 Edg/138.0.0.0" "-"
202.200.236.22 - - [12/Jul/2025:12:18:49 +0000] "GET /api/v1/login/check_login?ticket=gQE78DwAAAAAAAAAAS5odHRwOi8vd2VpeGluLnFxLmNvbS9xLzAyRUQyZE5OSDJmVEkxS3p2cGhFMXkAAgSjUnJoAwQAjScA HTTP/1.1" 200 46 "https://front.noqiokweb.site/" "Mozilla/5.0 (Macintosh; Intel Mac OS X 10_15_7) AppleWebKit/537.36 (KHTML, like Gecko) Chrome/138.0.0.0 Safari/537.36 Edg/138.0.0.0" "-"
111.231.165.30 - - [12/Jul/2025:12:18:50 +0000] "POST /api/v1/weixin/portal/receive/?signature=f1d53e512545a2467f8bc4613f29a6ab85fba9f9&timestamp=1752322729&nonce=1360025788&openid=oK8L37DP4PIVSd6fAD5wBWipOX00 HTTP/1.1" 200 261 "-" "Mozilla/4.0" "-"
124.222.246.206 - - [12/Jul/2025:12:18:50 +0000] "POST /api/v1/weixin/portal/receive/?signature=cc67273ce9e2b0c205bf6fb0999619e01e292a91&timestamp=1752322730&nonce=1254137338&openid=oK8L37DP4PIVSd6fAD5wBWipOX00 HTTP/1.1" 200 262 "-" "Mozilla/4.0" "-"
202.200.236.22 - - [12/Jul/2025:12:18:52 +0000] "GET /api/v1/login/check_login?ticket=gQE78DwAAAAAAAAAAS5odHRwOi8vd2VpeGluLnFxLmNvbS9xLzAyRUQyZE5OSDJmVEkxS3p2cGhFMXkAAgSjUnJoAwQAjScA HTTP/1.1" 200 75 "https://front.noqiokweb.site/" "Mozilla/5.0 (Macintosh; Intel Mac OS X 10_15_7) AppleWebKit/537.36 (KHTML, like Gecko) Chrome/138.0.0.0 Safari/537.36 Edg/138.0.0.0" "-"
202.200.236.22 - - [12/Jul/2025:12:18:52 +0000] "GET /index.html HTTP/1.1" 200 3852 "https://front.noqiokweb.site/login.html" "Mozilla/5.0 (Macintosh; Intel Mac OS X 10_15_7) AppleWebKit/537.36 (KHTML, like Gecko) Chrome/138.0.0.0 Safari/537.36 Edg/138.0.0.0" "-"
185.44.83.85 - - [12/Jul/2025:12:19:10 +0000] "GET / HTTP/1.1" 301 0 "-" "Mozilla/5.0 (Windows NT 10.0; Win64; x64) AppleWebKit/537.36 (KHTML, like Gecko) Chrome/138.0.0.0 Safari/537.36 Edg/138.0.0.0" "-"
14.152.91.159 - - [12/Jul/2025:12:19:12 +0000] "GET / HTTP/1.1" 200 3852 "-" "Mozilla/5.0 (Linux; Android 6.0; Nexus 5 Build/MRA58N) AppleWebKit/537.36 (KHTML, like Gecko) Chrome/99.0.4844.51 Mobile Safari/537.36 MicroMessenger/7.0.1" "-"
14.152.91.159 - - [12/Jul/2025:12:19:13 +0000] "GET /images/sku-keyboard-001.png HTTP/1.1" 200 1260301 "https://front.noqiokweb.site/" "Mozilla/5.0 (Linux; Android 6.0; Nexus 5 Build/MRA58N) AppleWebKit/537.36 (KHTML, like Gecko) Chrome/99.0.4844.51 Mobile Safari/537.36 MicroMessenger/7.0.1" "-"
202.200.236.22 - - [12/Jul/2025:12:19:14 +0000] "OPTIONS /api/v1/alipay/create_pay_order HTTP/1.1" 200 0 "https://front.noqiokweb.site/" "Mozilla/5.0 (Macintosh; Intel Mac OS X 10_15_7) AppleWebKit/537.36 (KHTML, like Gecko) Chrome/138.0.0.0 Safari/537.36 Edg/138.0.0.0" "-"
202.200.236.22 - - [12/Jul/2025:12:19:14 +0000] "POST /api/v1/alipay/create_pay_order HTTP/1.1" 200 1217 "https://front.noqiokweb.site/" "Mozilla/5.0 (Macintosh; Intel Mac OS X 10_15_7) AppleWebKit/537.36 (KHTML, like Gecko) Chrome/138.0.0.0 Safari/537.36 Edg/138.0.0.0" "-"
162.158.102.86 - - [12/Jul/2025:12:19:29 +0000] "GET /wordpress/wp-admin/setup-config.php HTTP/1.1" 301 169 "-" "Mozilla/5.0 (Windows NT 10.0; Win64; x64) AppleWebKit/537.36 (KHTML, like Gecko) Chrome/137.0.0.0 Safari/537.36" "2a06:98c0:3600::103"
124.64.200.149 - - [12/Jul/2025:12:19:32 +0000] "GET / HTTP/1.0" 301 169 "http://m.baidu.com/s?wd=rod8po" "Mozilla/5.0 (Linux; Android 6.0.1; SOV33 Build/35.0.D.0.326) AppleWebKit/537.36 (KHTML, like Gecko) Chrome/49.0.2623.91 Mobile Safari/537.36" "-"
119.42.228.187 - - [12/Jul/2025:12:19:57 +0000] "POST /api/v1/alipay/alipay_notify_url HTTP/1.1" 301 169 "-" "Mozilla/4.0" "-"
104.23.223.7 - - [12/Jul/2025:12:21:00 +0000] "GET /wp-admin/setup-config.php HTTP/1.1" 301 169 "-" "Mozilla/5.0 (Windows NT 10.0; Win64; x64) AppleWebKit/537.36 (KHTML, like Gecko) Chrome/137.0.0.0 Safari/537.36" "2a06:98c0:3600::103"
106.52.146.234 - - [12/Jul/2025:12:22:36 +0000] "GET / HTTP/1.1" 404 275 "-" "Mozilla/5.0 (Linux; Android 6.0; Nexus 5 Build/MRA58N) AppleWebKit/537.36 (KHTML, like Gecko) Chrome/99.0.4844.51 Mobile Safari/537.36 MicroMessenger/7.0.1" "-"
185.44.83.85 - - [12/Jul/2025:12:22:56 +0000] "GET / HTTP/1.1" 301 0 "-" "Mozilla/5.0 (Windows NT 10.0; Win64; x64) AppleWebKit/537.36 (KHTML, like Gecko) Chrome/138.0.0.0 Safari/537.36 Edg/138.0.0.0" "-"
223.2.44.107 - - [12/Jul/2025:12:23:07 +0000] "GET / HTTP/1.1" 301 169 "-" "Mozilla/5.0 (Windows NT 10.0; Win64; x64) AppleWebKit/537.36 (KHTML, like Gecko) Chrome/138.0.0.0 Safari/537.36 Edg/138.0.0.0" "-"
223.2.44.107 - - [12/Jul/2025:12:23:07 +0000] "GET / HTTP/1.1" 200 3852 "-" "Mozilla/5.0 (Windows NT 10.0; Win64; x64) AppleWebKit/537.36 (KHTML, like Gecko) Chrome/138.0.0.0 Safari/537.36 Edg/138.0.0.0" "-"
223.2.44.107 - - [12/Jul/2025:12:23:08 +0000] "GET /images/sku-keyboard-001.png HTTP/1.1" 200 1260301 "https://front.noqiokweb.site/" "Mozilla/5.0 (Windows NT 10.0; Win64; x64) AppleWebKit/537.36 (KHTML, like Gecko) Chrome/138.0.0.0 Safari/537.36 Edg/138.0.0.0" "-"
223.2.44.107 - - [12/Jul/2025:12:23:10 +0000] "GET /favicon.ico HTTP/1.1" 404 555 "https://front.noqiokweb.site/" "Mozilla/5.0 (Windows NT 10.0; Win64; x64) AppleWebKit/537.36 (KHTML, like Gecko) Chrome/138.0.0.0 Safari/537.36 Edg/138.0.0.0" "-"
223.2.44.107 - - [12/Jul/2025:12:23:23 +0000] "GET /login.html HTTP/1.1" 200 3788 "https://front.noqiokweb.site/" "Mozilla/5.0 (Windows NT 10.0; Win64; x64) AppleWebKit/537.36 (KHTML, like Gecko) Chrome/138.0.0.0 Safari/537.36 Edg/138.0.0.0" "-"
223.2.44.107 - - [12/Jul/2025:12:23:23 +0000] "GET /images/placeholder.png HTTP/1.1" 200 15972 "https://front.noqiokweb.site/login.html" "Mozilla/5.0 (Windows NT 10.0; Win64; x64) AppleWebKit/537.36 (KHTML, like Gecko) Chrome/138.0.0.0 Safari/537.36 Edg/138.0.0.0" "-"
223.2.44.107 - - [12/Jul/2025:12:23:23 +0000] "GET /api/v1/login/weixin_qrcode_ticket HTTP/1.1" 200 143 "https://front.noqiokweb.site/" "Mozilla/5.0 (Windows NT 10.0; Win64; x64) AppleWebKit/537.36 (KHTML, like Gecko) Chrome/138.0.0.0 Safari/537.36 Edg/138.0.0.0" "-"
65.49.20.68 - - [12/Jul/2025:12:23:23 +0000] "GET /webui/ HTTP/1.1" 404 95 "-" "Mozilla/5.0 (Windows NT 10.0; Win64; x64) AppleWebKit/537.36 (KHTML, like Gecko) Chrome/108.0.0.0 Safari/537.36" "-"
223.2.44.107 - - [12/Jul/2025:12:23:26 +0000] "GET /api/v1/login/check_login?ticket=gQFB8DwAAAAAAAAAAS5odHRwOi8vd2VpeGluLnFxLmNvbS9xLzAyS09oZk5hSDJmVEkxS1h3cDFFMVYAAgS7U3JoAwQAjScA HTTP/1.1" 200 46 "https://front.noqiokweb.site/" "Mozilla/5.0 (Windows NT 10.0; Win64; x64) AppleWebKit/537.36 (KHTML, like Gecko) Chrome/138.0.0.0 Safari/537.36 Edg/138.0.0.0" "-"
223.2.44.107 - - [12/Jul/2025:12:23:29 +0000] "GET /api/v1/login/check_login?ticket=gQFB8DwAAAAAAAAAAS5odHRwOi8vd2VpeGluLnFxLmNvbS9xLzAyS09oZk5hSDJmVEkxS1h3cDFFMVYAAgS7U3JoAwQAjScA HTTP/1.1" 200 46 "https://front.noqiokweb.site/" "Mozilla/5.0 (Windows NT 10.0; Win64; x64) AppleWebKit/537.36 (KHTML, like Gecko) Chrome/138.0.0.0 Safari/537.36 Edg/138.0.0.0" "-"
223.2.44.107 - - [12/Jul/2025:12:23:32 +0000] "GET /api/v1/login/check_login?ticket=gQFB8DwAAAAAAAAAAS5odHRwOi8vd2VpeGluLnFxLmNvbS9xLzAyS09oZk5hSDJmVEkxS1h3cDFFMVYAAgS7U3JoAwQAjScA HTTP/1.1" 200 46 "https://front.noqiokweb.site/" "Mozilla/5.0 (Windows NT 10.0; Win64; x64) AppleWebKit/537.36 (KHTML, like Gecko) Chrome/138.0.0.0 Safari/537.36 Edg/138.0.0.0" "-"
